// Jest Snapshot v1, https://goo.gl/fbAQLP

exports[`EcsConstruct スナップショットテスト ECS Constructのスナップショットが一致する 1`] = `
{
  "Outputs": {
    "ApiServiceName": {
      "Description": "Web APIサービス名",
      "Export": {
        "Name": "LoanpediaApiServiceName",
      },
      "Value": {
        "Fn::GetAtt": [
          "EcsApiService4BE44D91",
          "Name",
        ],
      },
    },
    "ApiTaskDefinitionArn": {
      "Description": "Web APIタスク定義ARN",
      "Export": {
        "Name": "LoanpediaApiTaskDefinitionArn",
      },
      "Value": {
        "Ref": "EcsApiTaskDefinition3BE5C059",
      },
    },
    "EcsClusterArn": {
      "Description": "ECSクラスターARN",
      "Export": {
        "Name": "LoanpediaEcsClusterArn",
      },
      "Value": {
        "Fn::GetAtt": [
          "EcsClusterEAC0C105",
          "Arn",
        ],
      },
    },
    "EcsClusterName": {
      "Description": "ECSクラスター名",
      "Export": {
        "Name": "LoanpediaEcsClusterName",
      },
      "Value": {
        "Ref": "EcsClusterEAC0C105",
      },
    },
    "MigrationTaskDefinitionArn": {
      "Description": "マイグレーションタスク定義ARN",
      "Export": {
        "Name": "LoanpediaMigrationTaskDefinitionArn",
      },
      "Value": {
        "Ref": "EcsMigrationTaskDefinition3E6C1CF8",
      },
    },
  },
  "Parameters": {
    "BootstrapVersion": {
      "Default": "/cdk-bootstrap/hnb659fds/version",
      "Description": "Version of the CDK Bootstrap resources in this environment, automatically retrieved from SSM Parameter Store. [cdk:skip]",
      "Type": "AWS::SSM::Parameter::Value<String>",
    },
  },
  "Resources": {
    "ApiLogGroup1DEDFC07": {
      "DeletionPolicy": "Retain",
      "Properties": {
        "RetentionInDays": 731,
      },
      "Type": "AWS::Logs::LogGroup",
      "UpdateReplacePolicy": "Retain",
    },
    "ApiRepoEFA7BA97": {
      "DeletionPolicy": "Retain",
      "Type": "AWS::ECR::Repository",
      "UpdateReplacePolicy": "Retain",
    },
    "CognitoSecretF26B21D5": {
      "DeletionPolicy": "Delete",
      "Properties": {
        "GenerateSecretString": {},
      },
      "Type": "AWS::SecretsManager::Secret",
      "UpdateReplacePolicy": "Delete",
    },
    "EcsApiService4BE44D91": {
      "DependsOn": [
        "EcsTaskRoleDefaultPolicyF46A9F2F",
        "EcsTaskRoleEB567537",
      ],
      "Properties": {
        "Cluster": {
          "Ref": "EcsClusterEAC0C105",
        },
        "DeploymentConfiguration": {
          "Alarms": {
            "AlarmNames": [],
            "Enable": false,
            "Rollback": false,
          },
          "MaximumPercent": 200,
          "MinimumHealthyPercent": 50,
        },
        "DesiredCount": 1,
        "EnableECSManagedTags": false,
        "HealthCheckGracePeriodSeconds": 60,
        "LaunchType": "FARGATE",
        "LoadBalancers": [
          {
            "ContainerName": "loanpedia-api",
            "ContainerPort": 80,
            "TargetGroupArn": {
              "Ref": "TestTg121219A0",
            },
          },
        ],
        "NetworkConfiguration": {
          "AwsvpcConfiguration": {
            "AssignPublicIp": "DISABLED",
            "SecurityGroups": [
              {
                "Fn::GetAtt": [
                  "TestSg04E900F0",
                  "GroupId",
                ],
              },
            ],
            "Subnets": [
              {
                "Ref": "TestVpcPrivateSubnet1SubnetCC65D771",
              },
            ],
          },
        },
        "TaskDefinition": {
          "Ref": "EcsApiTaskDefinition3BE5C059",
        },
      },
      "Type": "AWS::ECS::Service",
    },
    "EcsApiTaskDefinition3BE5C059": {
      "Properties": {
        "ContainerDefinitions": [
          {
            "Environment": [
              {
                "Name": "APP_ENV",
                "Value": "production",
              },
              {
                "Name": "APP_DEBUG",
                "Value": "false",
              },
            ],
            "Essential": true,
            "Image": {
              "Fn::Join": [
                "",
                [
                  {
                    "Fn::Select": [
                      4,
                      {
                        "Fn::Split": [
                          ":",
                          {
                            "Fn::GetAtt": [
                              "ApiRepoEFA7BA97",
                              "Arn",
                            ],
                          },
                        ],
                      },
                    ],
                  },
                  ".dkr.ecr.",
                  {
                    "Fn::Select": [
                      3,
                      {
                        "Fn::Split": [
                          ":",
                          {
                            "Fn::GetAtt": [
                              "ApiRepoEFA7BA97",
                              "Arn",
                            ],
                          },
                        ],
                      },
                    ],
                  },
                  ".",
                  {
                    "Ref": "AWS::URLSuffix",
                  },
                  "/",
                  {
                    "Ref": "ApiRepoEFA7BA97",
                  },
                  ":latest",
                ],
              ],
            },
            "LogConfiguration": {
              "LogDriver": "awslogs",
              "Options": {
                "awslogs-group": {
                  "Ref": "ApiLogGroup1DEDFC07",
                },
                "awslogs-region": "ap-northeast-1",
                "awslogs-stream-prefix": "api",
              },
            },
            "Name": "loanpedia-api",
            "PortMappings": [
              {
                "ContainerPort": 80,
                "Protocol": "tcp",
              },
            ],
            "Secrets": [
              {
                "Name": "DB_HOST",
                "ValueFrom": {
                  "Fn::Join": [
                    "",
                    [
                      {
                        "Ref": "RdsSecretB2B964C3",
                      },
                      ":host::",
                    ],
                  ],
                },
              },
              {
                "Name": "DB_PORT",
                "ValueFrom": {
                  "Fn::Join": [
                    "",
                    [
                      {
                        "Ref": "RdsSecretB2B964C3",
                      },
                      ":port::",
                    ],
                  ],
                },
              },
              {
                "Name": "DB_DATABASE",
                "ValueFrom": {
                  "Fn::Join": [
                    "",
                    [
                      {
                        "Ref": "RdsSecretB2B964C3",
                      },
                      ":dbname::",
                    ],
                  ],
                },
              },
              {
                "Name": "DB_USERNAME",
                "ValueFrom": {
                  "Fn::Join": [
                    "",
                    [
                      {
                        "Ref": "RdsSecretB2B964C3",
                      },
                      ":username::",
                    ],
                  ],
                },
              },
              {
                "Name": "DB_PASSWORD",
                "ValueFrom": {
                  "Fn::Join": [
                    "",
                    [
                      {
                        "Ref": "RdsSecretB2B964C3",
                      },
                      ":password::",
                    ],
                  ],
                },
              },
              {
                "Name": "COGNITO_CLIENT_SECRET",
                "ValueFrom": {
                  "Fn::Join": [
                    "",
                    [
                      {
                        "Ref": "CognitoSecretF26B21D5",
                      },
                      ":clientSecret::",
                    ],
                  ],
                },
              },
            ],
          },
        ],
        "Cpu": "512",
        "ExecutionRoleArn": {
          "Fn::GetAtt": [
            "EcsTaskExecutionRoleFD0875C8",
            "Arn",
          ],
        },
        "Family": "TestStackEcsApiTaskDefinition00CD8179",
        "Memory": "1024",
        "NetworkMode": "awsvpc",
        "RequiresCompatibilities": [
          "FARGATE",
        ],
        "TaskRoleArn": {
          "Fn::GetAtt": [
            "EcsTaskRoleEB567537",
            "Arn",
          ],
        },
      },
      "Type": "AWS::ECS::TaskDefinition",
    },
    "EcsClusterEAC0C105": {
      "Properties": {
        "ClusterName": "loanpedia-cluster",
        "ClusterSettings": [
          {
            "Name": "containerInsights",
            "Value": "disabled",
          },
        ],
      },
      "Type": "AWS::ECS::Cluster",
    },
    "EcsMigrationTaskDefinition3E6C1CF8": {
      "Properties": {
        "ContainerDefinitions": [
          {
            "Command": [
              "php",
              "artisan",
              "migrate",
              "--force",
            ],
            "Environment": [
              {
                "Name": "APP_ENV",
                "Value": "production",
              },
            ],
            "Essential": true,
            "Image": {
              "Fn::Join": [
                "",
                [
                  {
                    "Fn::Select": [
                      4,
                      {
                        "Fn::Split": [
                          ":",
                          {
                            "Fn::GetAtt": [
                              "MigrationRepo9283B69F",
                              "Arn",
                            ],
                          },
                        ],
                      },
                    ],
                  },
                  ".dkr.ecr.",
                  {
                    "Fn::Select": [
                      3,
                      {
                        "Fn::Split": [
                          ":",
                          {
                            "Fn::GetAtt": [
                              "MigrationRepo9283B69F",
                              "Arn",
                            ],
                          },
                        ],
                      },
                    ],
                  },
                  ".",
                  {
                    "Ref": "AWS::URLSuffix",
                  },
                  "/",
                  {
                    "Ref": "MigrationRepo9283B69F",
                  },
                  ":latest",
                ],
              ],
            },
            "LogConfiguration": {
              "LogDriver": "awslogs",
              "Options": {
                "awslogs-group": {
                  "Ref": "MigrationLogGroupFD140541",
                },
                "awslogs-region": "ap-northeast-1",
                "awslogs-stream-prefix": "migration",
              },
            },
            "Name": "loanpedia-migration",
            "Secrets": [
              {
                "Name": "DB_HOST",
                "ValueFrom": {
                  "Fn::Join": [
                    "",
                    [
                      {
                        "Ref": "RdsSecretB2B964C3",
                      },
                      ":host::",
                    ],
                  ],
                },
              },
              {
                "Name": "DB_PORT",
                "ValueFrom": {
                  "Fn::Join": [
                    "",
                    [
                      {
                        "Ref": "RdsSecretB2B964C3",
                      },
                      ":port::",
                    ],
                  ],
                },
              },
              {
                "Name": "DB_DATABASE",
                "ValueFrom": {
                  "Fn::Join": [
                    "",
                    [
                      {
                        "Ref": "RdsSecretB2B964C3",
                      },
                      ":dbname::",
                    ],
                  ],
                },
              },
              {
                "Name": "DB_USERNAME",
                "ValueFrom": {
                  "Fn::Join": [
                    "",
                    [
                      {
                        "Ref": "RdsSecretB2B964C3",
                      },
                      ":username::",
                    ],
                  ],
                },
              },
              {
                "Name": "DB_PASSWORD",
                "ValueFrom": {
                  "Fn::Join": [
                    "",
                    [
                      {
                        "Ref": "RdsSecretB2B964C3",
                      },
                      ":password::",
                    ],
                  ],
                },
              },
            ],
          },
        ],
        "Cpu": "256",
        "ExecutionRoleArn": {
          "Fn::GetAtt": [
            "EcsTaskExecutionRoleFD0875C8",
            "Arn",
          ],
        },
        "Family": "TestStackEcsMigrationTaskDefinition273B7277",
        "Memory": "512",
        "NetworkMode": "awsvpc",
        "RequiresCompatibilities": [
          "FARGATE",
        ],
        "TaskRoleArn": {
          "Fn::GetAtt": [
            "EcsTaskRoleEB567537",
            "Arn",
          ],
        },
      },
      "Type": "AWS::ECS::TaskDefinition",
    },
    "EcsTaskExecutionRoleDefaultPolicyEA8B31C6": {
      "Properties": {
        "PolicyDocument": {
          "Statement": [
            {
              "Action": [
                "secretsmanager:GetSecretValue",
                "secretsmanager:DescribeSecret",
              ],
              "Effect": "Allow",
              "Resource": {
                "Ref": "RdsSecretB2B964C3",
              },
            },
            {
              "Action": [
                "secretsmanager:GetSecretValue",
                "secretsmanager:DescribeSecret",
              ],
              "Effect": "Allow",
              "Resource": {
                "Ref": "CognitoSecretF26B21D5",
              },
            },
            {
              "Action": [
                "ecr:BatchCheckLayerAvailability",
                "ecr:GetDownloadUrlForLayer",
                "ecr:BatchGetImage",
              ],
              "Effect": "Allow",
              "Resource": {
                "Fn::GetAtt": [
                  "ApiRepoEFA7BA97",
                  "Arn",
                ],
              },
            },
            {
              "Action": "ecr:GetAuthorizationToken",
              "Effect": "Allow",
              "Resource": "*",
            },
            {
              "Action": [
                "logs:CreateLogStream",
                "logs:PutLogEvents",
              ],
              "Effect": "Allow",
              "Resource": {
                "Fn::GetAtt": [
                  "ApiLogGroup1DEDFC07",
                  "Arn",
                ],
              },
            },
            {
              "Action": [
                "ecr:BatchCheckLayerAvailability",
                "ecr:GetDownloadUrlForLayer",
                "ecr:BatchGetImage",
              ],
              "Effect": "Allow",
              "Resource": {
                "Fn::GetAtt": [
                  "MigrationRepo9283B69F",
                  "Arn",
                ],
              },
            },
            {
              "Action": [
                "logs:CreateLogStream",
                "logs:PutLogEvents",
              ],
              "Effect": "Allow",
              "Resource": {
                "Fn::GetAtt": [
                  "MigrationLogGroupFD140541",
                  "Arn",
                ],
              },
            },
          ],
          "Version": "2012-10-17",
        },
        "PolicyName": "EcsTaskExecutionRoleDefaultPolicyEA8B31C6",
        "Roles": [
          {
            "Ref": "EcsTaskExecutionRoleFD0875C8",
          },
        ],
      },
      "Type": "AWS::IAM::Policy",
    },
    "EcsTaskExecutionRoleFD0875C8": {
      "Properties": {
        "AssumeRolePolicyDocument": {
          "Statement": [
            {
              "Action": "sts:AssumeRole",
              "Effect": "Allow",
              "Principal": {
                "Service": "ecs-tasks.amazonaws.com",
              },
            },
          ],
          "Version": "2012-10-17",
        },
        "ManagedPolicyArns": [
          {
            "Fn::Join": [
              "",
              [
                "arn:",
                {
                  "Ref": "AWS::Partition",
                },
                ":iam::aws:policy/service-role/AmazonECSTaskExecutionRolePolicy",
              ],
            ],
          },
        ],
      },
      "Type": "AWS::IAM::Role",
    },
    "EcsTaskRoleDefaultPolicyF46A9F2F": {
      "Properties": {
        "PolicyDocument": {
          "Statement": [
            {
              "Action": "cognito-idp:*",
              "Effect": "Allow",
              "Resource": "*",
            },
          ],
          "Version": "2012-10-17",
        },
        "PolicyName": "EcsTaskRoleDefaultPolicyF46A9F2F",
        "Roles": [
          {
            "Ref": "EcsTaskRoleEB567537",
          },
        ],
      },
      "Type": "AWS::IAM::Policy",
    },
    "EcsTaskRoleEB567537": {
      "Properties": {
        "AssumeRolePolicyDocument": {
          "Statement": [
            {
              "Action": "sts:AssumeRole",
              "Effect": "Allow",
              "Principal": {
                "Service": "ecs-tasks.amazonaws.com",
              },
            },
          ],
          "Version": "2012-10-17",
        },
      },
      "Type": "AWS::IAM::Role",
    },
    "MigrationLogGroupFD140541": {
      "DeletionPolicy": "Retain",
      "Properties": {
        "RetentionInDays": 731,
      },
      "Type": "AWS::Logs::LogGroup",
      "UpdateReplacePolicy": "Retain",
    },
    "MigrationRepo9283B69F": {
      "DeletionPolicy": "Retain",
      "Type": "AWS::ECR::Repository",
      "UpdateReplacePolicy": "Retain",
    },
    "RdsSecretB2B964C3": {
      "DeletionPolicy": "Delete",
      "Properties": {
        "GenerateSecretString": {
          "GenerateStringKey": "password",
          "SecretStringTemplate": "{"username":"admin"}",
        },
      },
      "Type": "AWS::SecretsManager::Secret",
      "UpdateReplacePolicy": "Delete",
    },
    "TestSg04E900F0": {
      "Properties": {
        "GroupDescription": "TestStack/TestSg",
        "SecurityGroupEgress": [
          {
            "CidrIp": "0.0.0.0/0",
            "Description": "Allow all outbound traffic by default",
            "IpProtocol": "-1",
          },
        ],
        "VpcId": {
          "Ref": "TestVpcE77CE678",
        },
      },
      "Type": "AWS::EC2::SecurityGroup",
    },
    "TestTg121219A0": {
      "Properties": {
        "Port": 80,
        "Protocol": "HTTP",
        "TargetGroupAttributes": [
          {
            "Key": "stickiness.enabled",
            "Value": "false",
          },
        ],
        "TargetType": "ip",
        "VpcId": {
          "Ref": "TestVpcE77CE678",
        },
      },
      "Type": "AWS::ElasticLoadBalancingV2::TargetGroup",
    },
    "TestVpcE77CE678": {
      "Properties": {
        "CidrBlock": "10.0.0.0/16",
        "EnableDnsHostnames": true,
        "EnableDnsSupport": true,
        "InstanceTenancy": "default",
        "Tags": [
          {
            "Key": "Name",
            "Value": "TestStack/TestVpc",
          },
        ],
      },
      "Type": "AWS::EC2::VPC",
    },
    "TestVpcIGW9DD53F70": {
      "Properties": {
        "Tags": [
          {
            "Key": "Name",
            "Value": "TestStack/TestVpc",
          },
        ],
      },
      "Type": "AWS::EC2::InternetGateway",
    },
    "TestVpcPrivateSubnet1DefaultRoute32E7B814": {
      "Properties": {
        "DestinationCidrBlock": "0.0.0.0/0",
        "NatGatewayId": {
          "Ref": "TestVpcPublicSubnet1NATGatewayA323E3EC",
        },
        "RouteTableId": {
          "Ref": "TestVpcPrivateSubnet1RouteTable469B0105",
        },
      },
      "Type": "AWS::EC2::Route",
    },
    "TestVpcPrivateSubnet1RouteTable469B0105": {
      "Properties": {
        "Tags": [
          {
            "Key": "Name",
            "Value": "TestStack/TestVpc/PrivateSubnet1",
          },
        ],
        "VpcId": {
          "Ref": "TestVpcE77CE678",
        },
      },
      "Type": "AWS::EC2::RouteTable",
    },
    "TestVpcPrivateSubnet1RouteTableAssociationFFD4DFF7": {
      "Properties": {
        "RouteTableId": {
          "Ref": "TestVpcPrivateSubnet1RouteTable469B0105",
        },
        "SubnetId": {
          "Ref": "TestVpcPrivateSubnet1SubnetCC65D771",
        },
      },
      "Type": "AWS::EC2::SubnetRouteTableAssociation",
    },
    "TestVpcPrivateSubnet1SubnetCC65D771": {
      "Properties": {
        "AvailabilityZone": "dummy1a",
        "CidrBlock": "10.0.128.0/17",
        "MapPublicIpOnLaunch": false,
        "Tags": [
          {
            "Key": "aws-cdk:subnet-name",
            "Value": "Private",
          },
          {
            "Key": "aws-cdk:subnet-type",
            "Value": "Private",
          },
          {
            "Key": "Name",
            "Value": "TestStack/TestVpc/PrivateSubnet1",
          },
        ],
        "VpcId": {
          "Ref": "TestVpcE77CE678",
        },
      },
      "Type": "AWS::EC2::Subnet",
    },
    "TestVpcPublicSubnet1DefaultRoute6C0F0315": {
      "DependsOn": [
        "TestVpcVPCGWF1827B84",
      ],
      "Properties": {
        "DestinationCidrBlock": "0.0.0.0/0",
        "GatewayId": {
          "Ref": "TestVpcIGW9DD53F70",
        },
        "RouteTableId": {
          "Ref": "TestVpcPublicSubnet1RouteTable4CBFF871",
        },
      },
      "Type": "AWS::EC2::Route",
    },
    "TestVpcPublicSubnet1EIP4884338C": {
      "Properties": {
        "Domain": "vpc",
        "Tags": [
          {
            "Key": "Name",
            "Value": "TestStack/TestVpc/PublicSubnet1",
          },
        ],
      },
      "Type": "AWS::EC2::EIP",
    },
    "TestVpcPublicSubnet1NATGatewayA323E3EC": {
      "DependsOn": [
        "TestVpcPublicSubnet1DefaultRoute6C0F0315",
        "TestVpcPublicSubnet1RouteTableAssociation7D1DECD9",
      ],
      "Properties": {
        "AllocationId": {
          "Fn::GetAtt": [
            "TestVpcPublicSubnet1EIP4884338C",
            "AllocationId",
          ],
        },
        "SubnetId": {
          "Ref": "TestVpcPublicSubnet1SubnetA7DB1EDF",
        },
        "Tags": [
          {
            "Key": "Name",
            "Value": "TestStack/TestVpc/PublicSubnet1",
          },
        ],
      },
      "Type": "AWS::EC2::NatGateway",
    },
    "TestVpcPublicSubnet1RouteTable4CBFF871": {
      "Properties": {
        "Tags": [
          {
            "Key": "Name",
            "Value": "TestStack/TestVpc/PublicSubnet1",
          },
        ],
        "VpcId": {
          "Ref": "TestVpcE77CE678",
        },
      },
      "Type": "AWS::EC2::RouteTable",
    },
    "TestVpcPublicSubnet1RouteTableAssociation7D1DECD9": {
      "Properties": {
        "RouteTableId": {
          "Ref": "TestVpcPublicSubnet1RouteTable4CBFF871",
        },
        "SubnetId": {
          "Ref": "TestVpcPublicSubnet1SubnetA7DB1EDF",
        },
      },
      "Type": "AWS::EC2::SubnetRouteTableAssociation",
    },
    "TestVpcPublicSubnet1SubnetA7DB1EDF": {
      "Properties": {
        "AvailabilityZone": "dummy1a",
        "CidrBlock": "10.0.0.0/17",
        "MapPublicIpOnLaunch": true,
        "Tags": [
          {
            "Key": "aws-cdk:subnet-name",
            "Value": "Public",
          },
          {
            "Key": "aws-cdk:subnet-type",
            "Value": "Public",
          },
          {
            "Key": "Name",
            "Value": "TestStack/TestVpc/PublicSubnet1",
          },
        ],
        "VpcId": {
          "Ref": "TestVpcE77CE678",
        },
      },
      "Type": "AWS::EC2::Subnet",
    },
    "TestVpcVPCGWF1827B84": {
      "Properties": {
        "InternetGatewayId": {
          "Ref": "TestVpcIGW9DD53F70",
        },
        "VpcId": {
          "Ref": "TestVpcE77CE678",
        },
      },
      "Type": "AWS::EC2::VPCGatewayAttachment",
    },
  },
  "Rules": {
    "CheckBootstrapVersion": {
      "Assertions": [
        {
          "Assert": {
            "Fn::Not": [
              {
                "Fn::Contains": [
                  [
                    "1",
                    "2",
                    "3",
                    "4",
                    "5",
                  ],
                  {
                    "Ref": "BootstrapVersion",
                  },
                ],
              },
            ],
          },
          "AssertDescription": "CDK bootstrap stack version 6 required. Please run 'cdk bootstrap' with a recent version of the CDK CLI.",
        },
      ],
    },
  },
}
`;
