// Jest Snapshot v1, https://goo.gl/fbAQLP

exports[`S3Stack スタック全体の検証 スナップショットテスト 1`] = `
{
  "Outputs": {
    "FrontendBucketArn": {
      "Description": "フロントエンド用S3バケットARN",
      "Value": {
        "Fn::GetAtt": [
          "FrontendBucket5B7E4E1D",
          "Arn",
        ],
      },
    },
    "FrontendBucketDomainName": {
      "Description": "フロントエンド用S3バケットのドメイン名",
      "Value": {
        "Fn::GetAtt": [
          "FrontendBucket5B7E4E1D",
          "RegionalDomainName",
        ],
      },
    },
    "FrontendBucketName": {
      "Description": "フロントエンド用S3バケット名",
      "Value": {
        "Ref": "FrontendBucket5B7E4E1D",
      },
    },
    "LogBucketArn": {
      "Description": "CloudFrontログ用S3バケットARN",
      "Value": {
        "Fn::GetAtt": [
          "FrontendBucketLogBucketA4B64359",
          "Arn",
        ],
      },
    },
    "LogBucketName": {
      "Description": "CloudFrontログ用S3バケット名",
      "Value": {
        "Ref": "FrontendBucketLogBucketA4B64359",
      },
    },
  },
  "Parameters": {
    "BootstrapVersion": {
      "Default": "/cdk-bootstrap/hnb659fds/version",
      "Description": "Version of the CDK Bootstrap resources in this environment, automatically retrieved from SSM Parameter Store. [cdk:skip]",
      "Type": "AWS::SSM::Parameter::Value<String>",
    },
  },
  "Resources": {
    "CustomS3AutoDeleteObjectsCustomResourceProviderHandler9D90184F": {
      "DependsOn": [
        "CustomS3AutoDeleteObjectsCustomResourceProviderRole3B1BD092",
      ],
      "Properties": {
        "Code": {
          "S3Bucket": "cdk-hnb659fds-assets-test-account-ap-northeast-1",
          "S3Key": "faa95a81ae7d7373f3e1f242268f904eb748d8d0fdd306e8a6fe515a1905a7d6.zip",
        },
        "Description": {
          "Fn::Join": [
            "",
            [
              "Lambda function for auto-deleting objects in ",
              {
                "Ref": "FrontendBucketLogBucketA4B64359",
              },
              " S3 bucket.",
            ],
          ],
        },
        "Handler": "index.handler",
        "MemorySize": 128,
        "Role": {
          "Fn::GetAtt": [
            "CustomS3AutoDeleteObjectsCustomResourceProviderRole3B1BD092",
            "Arn",
          ],
        },
        "Runtime": "nodejs22.x",
        "Timeout": 900,
      },
      "Type": "AWS::Lambda::Function",
    },
    "CustomS3AutoDeleteObjectsCustomResourceProviderRole3B1BD092": {
      "Properties": {
        "AssumeRolePolicyDocument": {
          "Statement": [
            {
              "Action": "sts:AssumeRole",
              "Effect": "Allow",
              "Principal": {
                "Service": "lambda.amazonaws.com",
              },
            },
          ],
          "Version": "2012-10-17",
        },
        "ManagedPolicyArns": [
          {
            "Fn::Sub": "arn:\${AWS::Partition}:iam::aws:policy/service-role/AWSLambdaBasicExecutionRole",
          },
        ],
      },
      "Type": "AWS::IAM::Role",
    },
    "FrontendBucket5B7E4E1D": {
      "DeletionPolicy": "Retain",
      "Properties": {
        "BucketEncryption": {
          "ServerSideEncryptionConfiguration": [
            {
              "ServerSideEncryptionByDefault": {
                "SSEAlgorithm": "AES256",
              },
            },
          ],
        },
        "BucketName": "loanpedia-frontend",
        "LoggingConfiguration": {
          "DestinationBucketName": {
            "Ref": "FrontendBucketLogBucketA4B64359",
          },
          "LogFilePrefix": "s3-access/",
        },
        "PublicAccessBlockConfiguration": {
          "BlockPublicAcls": true,
          "BlockPublicPolicy": true,
          "IgnorePublicAcls": true,
          "RestrictPublicBuckets": true,
        },
        "Tags": [
          {
            "Key": "Component",
            "Value": "Frontend",
          },
          {
            "Key": "Environment",
            "Value": "Production",
          },
          {
            "Key": "ManagedBy",
            "Value": "CDK",
          },
          {
            "Key": "Project",
            "Value": "Loanpedia",
          },
          {
            "Key": "Purpose",
            "Value": "StaticContent",
          },
          {
            "Key": "Region",
            "Value": "ap-northeast-1",
          },
        ],
        "VersioningConfiguration": {
          "Status": "Enabled",
        },
      },
      "Type": "AWS::S3::Bucket",
      "UpdateReplacePolicy": "Retain",
    },
    "FrontendBucketLogBucketA4B64359": {
      "DeletionPolicy": "Delete",
      "Properties": {
        "AccessControl": "LogDeliveryWrite",
        "BucketEncryption": {
          "ServerSideEncryptionConfiguration": [
            {
              "ServerSideEncryptionByDefault": {
                "SSEAlgorithm": "AES256",
              },
            },
          ],
        },
        "BucketName": "loanpedia-cloudfront-logs",
        "LifecycleConfiguration": {
          "Rules": [
            {
              "ExpirationInDays": 30,
              "Id": "DeleteOldLogs",
              "Status": "Enabled",
            },
          ],
        },
        "OwnershipControls": {
          "Rules": [
            {
              "ObjectOwnership": "ObjectWriter",
            },
          ],
        },
        "PublicAccessBlockConfiguration": {
          "BlockPublicAcls": true,
          "BlockPublicPolicy": true,
          "IgnorePublicAcls": true,
          "RestrictPublicBuckets": true,
        },
        "Tags": [
          {
            "Key": "aws-cdk:auto-delete-objects",
            "Value": "true",
          },
          {
            "Key": "Component",
            "Value": "Frontend",
          },
          {
            "Key": "Environment",
            "Value": "Production",
          },
          {
            "Key": "ManagedBy",
            "Value": "CDK",
          },
          {
            "Key": "Project",
            "Value": "Loanpedia",
          },
          {
            "Key": "Purpose",
            "Value": "StaticContent",
          },
          {
            "Key": "Region",
            "Value": "ap-northeast-1",
          },
        ],
      },
      "Type": "AWS::S3::Bucket",
      "UpdateReplacePolicy": "Delete",
    },
    "FrontendBucketLogBucketAutoDeleteObjectsCustomResource3D148190": {
      "DeletionPolicy": "Delete",
      "DependsOn": [
        "FrontendBucketLogBucketPolicy002C3910",
      ],
      "Properties": {
        "BucketName": {
          "Ref": "FrontendBucketLogBucketA4B64359",
        },
        "ServiceToken": {
          "Fn::GetAtt": [
            "CustomS3AutoDeleteObjectsCustomResourceProviderHandler9D90184F",
            "Arn",
          ],
        },
      },
      "Type": "Custom::S3AutoDeleteObjects",
      "UpdateReplacePolicy": "Delete",
    },
    "FrontendBucketLogBucketPolicy002C3910": {
      "Properties": {
        "Bucket": {
          "Ref": "FrontendBucketLogBucketA4B64359",
        },
        "PolicyDocument": {
          "Statement": [
            {
              "Action": [
                "s3:PutBucketPolicy",
                "s3:GetBucket*",
                "s3:List*",
                "s3:DeleteObject*",
              ],
              "Effect": "Allow",
              "Principal": {
                "AWS": {
                  "Fn::GetAtt": [
                    "CustomS3AutoDeleteObjectsCustomResourceProviderRole3B1BD092",
                    "Arn",
                  ],
                },
              },
              "Resource": [
                {
                  "Fn::GetAtt": [
                    "FrontendBucketLogBucketA4B64359",
                    "Arn",
                  ],
                },
                {
                  "Fn::Join": [
                    "",
                    [
                      {
                        "Fn::GetAtt": [
                          "FrontendBucketLogBucketA4B64359",
                          "Arn",
                        ],
                      },
                      "/*",
                    ],
                  ],
                },
              ],
            },
          ],
          "Version": "2012-10-17",
        },
      },
      "Type": "AWS::S3::BucketPolicy",
    },
  },
  "Rules": {
    "CheckBootstrapVersion": {
      "Assertions": [
        {
          "Assert": {
            "Fn::Not": [
              {
                "Fn::Contains": [
                  [
                    "1",
                    "2",
                    "3",
                    "4",
                    "5",
                  ],
                  {
                    "Ref": "BootstrapVersion",
                  },
                ],
              },
            ],
          },
          "AssertDescription": "CDK bootstrap stack version 6 required. Please run 'cdk bootstrap' with a recent version of the CDK CLI.",
        },
      ],
    },
  },
}
`;
